// Kind.Term.eval (term: (Kind.Term)) : (Kind.Term)
(Kind.Term.eval (Kind.Term.typ orig)) = (Kind.Term.typ orig)
(Kind.Term.eval (Kind.Term.var orig name index)) = (Kind.Term.var orig name index)
(Kind.Term.eval (Kind.Term.hol orig numb)) = (Kind.Term.hol orig numb)
(Kind.Term.eval (Kind.Term.all orig name typ body)) = (Kind.Term.all orig name (Kind.Term.eval typ) @x (Kind.Term.eval (body x)))
(Kind.Term.eval (Kind.Term.lam orig name body)) = (Kind.Term.lam orig name @x (Kind.Term.eval (body x)))
(Kind.Term.eval (Kind.Term.let orig name expr body)) = (Kind.Term.eval_let orig name (Kind.Term.eval expr) @x (Kind.Term.eval (body x)))
(Kind.Term.eval (Kind.Term.ann orig expr typ)) = (Kind.Term.eval_ann orig (Kind.Term.eval expr) (Kind.Term.eval typ))
(Kind.Term.eval (Kind.Term.sub orig name indx redx expr)) = (Kind.Term.eval_sub orig name indx redx (Kind.Term.eval expr))
(Kind.Term.eval (Kind.Term.app orig expr typ)) = (Kind.Term.eval_app orig (Kind.Term.eval expr) (Kind.Term.eval typ))
(Kind.Term.eval (Kind.Term.hlp orig)) = (Kind.Term.hlp orig)
(Kind.Term.eval (Kind.Term.u60 orig)) = (Kind.Term.u60 orig)
(Kind.Term.eval (Kind.Term.num orig num)) = (Kind.Term.num orig num)
(Kind.Term.eval (Kind.Term.op2 orig op left right)) = (Kind.Term.eval_op orig op (Kind.Term.eval left) (Kind.Term.eval right))
(Kind.Term.eval (Kind.Term.ct0 ctid orig)) = (Kind.Term.ct0 ctid orig)
(Kind.Term.eval (Kind.Term.ct1 ctid orig x0)) = (Kind.Term.ct1 ctid orig (Kind.Term.eval x0))
(Kind.Term.eval (Kind.Term.ct2 ctid orig x0 x1)) = (Kind.Term.ct2 ctid orig (Kind.Term.eval x0) (Kind.Term.eval x1))
(Kind.Term.eval (Kind.Term.ct3 ctid orig x0 x1 x2)) = (Kind.Term.ct3 ctid orig (Kind.Term.eval x0) (Kind.Term.eval x1) (Kind.Term.eval x2))
(Kind.Term.eval (Kind.Term.ct4 ctid orig x0 x1 x2 x3)) = (Kind.Term.ct4 ctid orig (Kind.Term.eval x0) (Kind.Term.eval x1) (Kind.Term.eval x2) (Kind.Term.eval x3))
(Kind.Term.eval (Kind.Term.ct5 ctid orig x0 x1 x2 x3 x4)) = (Kind.Term.ct5 ctid orig (Kind.Term.eval x0) (Kind.Term.eval x1) (Kind.Term.eval x2) (Kind.Term.eval x3) (Kind.Term.eval x4))
(Kind.Term.eval (Kind.Term.ct6 ctid orig x0 x1 x2 x3 x4 x5)) = (Kind.Term.ct6 ctid orig (Kind.Term.eval x0) (Kind.Term.eval x1) (Kind.Term.eval x2) (Kind.Term.eval x3) (Kind.Term.eval x4) (Kind.Term.eval x5))
(Kind.Term.eval (Kind.Term.ct7 ctid orig x0 x1 x2 x3 x4 x5 x6)) = (Kind.Term.ct7 ctid orig (Kind.Term.eval x0) (Kind.Term.eval x1) (Kind.Term.eval x2) (Kind.Term.eval x3) (Kind.Term.eval x4) (Kind.Term.eval x5) (Kind.Term.eval x6))
(Kind.Term.eval (Kind.Term.ct8 ctid orig x0 x1 x2 x3 x4 x5 x6 x7)) = (Kind.Term.ct8 ctid orig (Kind.Term.eval x0) (Kind.Term.eval x1) (Kind.Term.eval x2) (Kind.Term.eval x3) (Kind.Term.eval x4) (Kind.Term.eval x5) (Kind.Term.eval x6) (Kind.Term.eval x7))
(Kind.Term.eval (Kind.Term.ct9 ctid orig x0 x1 x2 x3 x4 x5 x6 x7 x8)) = (Kind.Term.ct9 ctid orig (Kind.Term.eval x0) (Kind.Term.eval x1) (Kind.Term.eval x2) (Kind.Term.eval x3) (Kind.Term.eval x4) (Kind.Term.eval x5) (Kind.Term.eval x6) (Kind.Term.eval x7) (Kind.Term.eval x8))
(Kind.Term.eval (Kind.Term.ct10 ctid orig x0 x1 x2 x3 x4 x5 x6 x7 x8 x9)) = (Kind.Term.ct10 ctid orig (Kind.Term.eval x0) (Kind.Term.eval x1) (Kind.Term.eval x2) (Kind.Term.eval x3) (Kind.Term.eval x4) (Kind.Term.eval x5) (Kind.Term.eval x6) (Kind.Term.eval x7) (Kind.Term.eval x8) (Kind.Term.eval x9))
(Kind.Term.eval (Kind.Term.ct11 ctid orig x0 x1 x2 x3 x4 x5 x6 x7 x8 x9 x10)) = (Kind.Term.ct11 ctid orig (Kind.Term.eval x0) (Kind.Term.eval x1) (Kind.Term.eval x2) (Kind.Term.eval x3) (Kind.Term.eval x4) (Kind.Term.eval x5) (Kind.Term.eval x6) (Kind.Term.eval x7) (Kind.Term.eval x8) (Kind.Term.eval x9) (Kind.Term.eval x10))
(Kind.Term.eval (Kind.Term.ct12 ctid orig x0 x1 x2 x3 x4 x5 x6 x7 x8 x9 x10 x11)) = (Kind.Term.ct12 ctid orig (Kind.Term.eval x0) (Kind.Term.eval x1) (Kind.Term.eval x2) (Kind.Term.eval x3) (Kind.Term.eval x4) (Kind.Term.eval x5) (Kind.Term.eval x6) (Kind.Term.eval x7) (Kind.Term.eval x8) (Kind.Term.eval x9) (Kind.Term.eval x10) (Kind.Term.eval x11))
(Kind.Term.eval (Kind.Term.ct13 ctid orig x0 x1 x2 x3 x4 x5 x6 x7 x8 x9 x10 x11 x12)) = (Kind.Term.ct13 ctid orig (Kind.Term.eval x0) (Kind.Term.eval x1) (Kind.Term.eval x2) (Kind.Term.eval x3) (Kind.Term.eval x4) (Kind.Term.eval x5) (Kind.Term.eval x6) (Kind.Term.eval x7) (Kind.Term.eval x8) (Kind.Term.eval x9) (Kind.Term.eval x10) (Kind.Term.eval x11) (Kind.Term.eval x12))
(Kind.Term.eval (Kind.Term.ct14 ctid orig x0 x1 x2 x3 x4 x5 x6 x7 x8 x9 x10 x11 x12 x13)) = (Kind.Term.ct14 ctid orig (Kind.Term.eval x0) (Kind.Term.eval x1) (Kind.Term.eval x2) (Kind.Term.eval x3) (Kind.Term.eval x4) (Kind.Term.eval x5) (Kind.Term.eval x6) (Kind.Term.eval x7) (Kind.Term.eval x8) (Kind.Term.eval x9) (Kind.Term.eval x10) (Kind.Term.eval x11) (Kind.Term.eval x12) (Kind.Term.eval x13))
(Kind.Term.eval (Kind.Term.ct15 fnid orig x0)) = (Kind.Term.ct15 fnid orig (Kind.Term.eval x0))
(Kind.Term.eval (Kind.Term.ct16 fnid orig x0)) = (Kind.Term.ct16 fnid orig (Kind.Term.eval x0))
(Kind.Term.eval (Kind.Term.fn0 fnid orig)) = (Kind.Term.FN0 fnid orig)
(Kind.Term.eval (Kind.Term.fn1 fnid orig x0)) = (Kind.Term.FN1 fnid orig (Kind.Term.eval x0))
(Kind.Term.eval (Kind.Term.fn2 fnid orig x0 x1)) = (Kind.Term.FN2 fnid orig (Kind.Term.eval x0) (Kind.Term.eval x1))
(Kind.Term.eval (Kind.Term.fn3 fnid orig x0 x1 x2)) = (Kind.Term.FN3 fnid orig (Kind.Term.eval x0) (Kind.Term.eval x1) (Kind.Term.eval x2))
(Kind.Term.eval (Kind.Term.fn4 fnid orig x0 x1 x2 x3)) = (Kind.Term.FN4 fnid orig (Kind.Term.eval x0) (Kind.Term.eval x1) (Kind.Term.eval x2) (Kind.Term.eval x3))
(Kind.Term.eval (Kind.Term.fn5 fnid orig x0 x1 x2 x3 x4)) = (Kind.Term.FN5 fnid orig (Kind.Term.eval x0) (Kind.Term.eval x1) (Kind.Term.eval x2) (Kind.Term.eval x3) (Kind.Term.eval x4))
(Kind.Term.eval (Kind.Term.fn6 fnid orig x0 x1 x2 x3 x4 x5)) = (Kind.Term.FN6 fnid orig (Kind.Term.eval x0) (Kind.Term.eval x1) (Kind.Term.eval x2) (Kind.Term.eval x3) (Kind.Term.eval x4) (Kind.Term.eval x5))
(Kind.Term.eval (Kind.Term.fn7 fnid orig x0 x1 x2 x3 x4 x5 x6)) = (Kind.Term.FN7 fnid orig (Kind.Term.eval x0) (Kind.Term.eval x1) (Kind.Term.eval x2) (Kind.Term.eval x3) (Kind.Term.eval x4) (Kind.Term.eval x5) (Kind.Term.eval x6))
(Kind.Term.eval (Kind.Term.fn8 fnid orig x0 x1 x2 x3 x4 x5 x6 x7)) = (Kind.Term.FN8 fnid orig (Kind.Term.eval x0) (Kind.Term.eval x1) (Kind.Term.eval x2) (Kind.Term.eval x3) (Kind.Term.eval x4) (Kind.Term.eval x5) (Kind.Term.eval x6) (Kind.Term.eval x7))
(Kind.Term.eval (Kind.Term.fn9 fnid orig x0 x1 x2 x3 x4 x5 x6 x7 x8)) = (Kind.Term.FN9 fnid orig (Kind.Term.eval x0) (Kind.Term.eval x1) (Kind.Term.eval x2) (Kind.Term.eval x3) (Kind.Term.eval x4) (Kind.Term.eval x5) (Kind.Term.eval x6) (Kind.Term.eval x7) (Kind.Term.eval x8))
(Kind.Term.eval (Kind.Term.fn10 fnid orig x0 x1 x2 x3 x4 x5 x6 x7 x8 x9)) = (Kind.Term.FN10 fnid orig (Kind.Term.eval x0) (Kind.Term.eval x1) (Kind.Term.eval x2) (Kind.Term.eval x3) (Kind.Term.eval x4) (Kind.Term.eval x5) (Kind.Term.eval x6) (Kind.Term.eval x7) (Kind.Term.eval x8) (Kind.Term.eval x9))
(Kind.Term.eval (Kind.Term.fn11 fnid orig x0 x1 x2 x3 x4 x5 x6 x7 x8 x9 x10)) = (Kind.Term.FN11 fnid orig (Kind.Term.eval x0) (Kind.Term.eval x1) (Kind.Term.eval x2) (Kind.Term.eval x3) (Kind.Term.eval x4) (Kind.Term.eval x5) (Kind.Term.eval x6) (Kind.Term.eval x7) (Kind.Term.eval x8) (Kind.Term.eval x9) (Kind.Term.eval x10))
(Kind.Term.eval (Kind.Term.fn12 fnid orig x0 x1 x2 x3 x4 x5 x6 x7 x8 x9 x10 x11)) = (Kind.Term.FN12 fnid orig (Kind.Term.eval x0) (Kind.Term.eval x1) (Kind.Term.eval x2) (Kind.Term.eval x3) (Kind.Term.eval x4) (Kind.Term.eval x5) (Kind.Term.eval x6) (Kind.Term.eval x7) (Kind.Term.eval x8) (Kind.Term.eval x9) (Kind.Term.eval x10) (Kind.Term.eval x11))
(Kind.Term.eval (Kind.Term.fn13 fnid orig x0 x1 x2 x3 x4 x5 x6 x7 x8 x9 x10 x11 x12)) = (Kind.Term.FN13 fnid orig (Kind.Term.eval x0) (Kind.Term.eval x1) (Kind.Term.eval x2) (Kind.Term.eval x3) (Kind.Term.eval x4) (Kind.Term.eval x5) (Kind.Term.eval x6) (Kind.Term.eval x7) (Kind.Term.eval x8) (Kind.Term.eval x9) (Kind.Term.eval x10) (Kind.Term.eval x11) (Kind.Term.eval x12))
(Kind.Term.eval (Kind.Term.fn14 fnid orig x0 x1 x2 x3 x4 x5 x6 x7 x8 x9 x10 x11 x12 x13)) = (Kind.Term.FN14 fnid orig (Kind.Term.eval x0) (Kind.Term.eval x1) (Kind.Term.eval x2) (Kind.Term.eval x3) (Kind.Term.eval x4) (Kind.Term.eval x5) (Kind.Term.eval x6) (Kind.Term.eval x7) (Kind.Term.eval x8) (Kind.Term.eval x9) (Kind.Term.eval x10) (Kind.Term.eval x11) (Kind.Term.eval x12) (Kind.Term.eval x13))
(Kind.Term.eval (Kind.Term.fn15 fnid orig x0)) = (Kind.Term.FN15 fnid orig (Kind.Term.eval x0))
(Kind.Term.eval (Kind.Term.fn16 fnid orig x0)) = (Kind.Term.FN16 fnid orig (Kind.Term.eval x0))
(Kind.Term.eval (Kind.Term.args15 x0 x1 x2 x3 x4 x5 x6 x7 x8 x9 x10 x11 x12 x13 x14)) = (Kind.Term.args15 (Kind.Term.eval x0) (Kind.Term.eval x1) (Kind.Term.eval x2) (Kind.Term.eval x3) (Kind.Term.eval x4) (Kind.Term.eval x5) (Kind.Term.eval x6) (Kind.Term.eval x7) (Kind.Term.eval x8) (Kind.Term.eval x9) (Kind.Term.eval x10) (Kind.Term.eval x11) (Kind.Term.eval x12) (Kind.Term.eval x13) (Kind.Term.eval x14))
(Kind.Term.eval (Kind.Term.args16 x0 x1 x2 x3 x4 x5 x6 x7 x8 x9 x10 x11 x12 x13 x14 x15)) = (Kind.Term.args16 (Kind.Term.eval x0) (Kind.Term.eval x1) (Kind.Term.eval x2) (Kind.Term.eval x3) (Kind.Term.eval x4) (Kind.Term.eval x5) (Kind.Term.eval x6) (Kind.Term.eval x7) (Kind.Term.eval x8) (Kind.Term.eval x9) (Kind.Term.eval x10) (Kind.Term.eval x11) (Kind.Term.eval x12) (Kind.Term.eval x13) (Kind.Term.eval x14) (Kind.Term.eval x15))

// Kind.Term.eval_app (orig: U60) (left: (Kind.Term)) (right: (Kind.Term)) : (Kind.Term)
(Kind.Term.eval_app orig (Kind.Term.lam orig1 name body) arg) = (body arg)
(Kind.Term.eval_app orig func arg) = (Kind.Term.app orig func arg)

// Kind.Term.eval_sub (orig: U60) (name: U60) (indx: U60) (redx: U60) (expr: (Kind.Term)) : (Kind.Term)
(Kind.Term.eval_sub orig name indx redx expr) = expr

// Kind.Term.eval_ann (orig: U60) (expr: (Kind.Term)) (type: (Kind.Term)) : (Kind.Term)
(Kind.Term.eval_ann orig expr type) = expr

// Kind.Term.eval_let (orig: U60) (name: U60) (expr: (Kind.Term)) (body: (_: (Kind.Term)) (Kind.Term)) : (Kind.Term)
(Kind.Term.eval_let orig name expr body) = (body expr)

// Kind.Term.eval_op (orig: U60) (op: (Kind.Operator)) (left: (Kind.Term)) (right: (Kind.Term)) : (Kind.Term)
(Kind.Term.eval_op orig (Kind.Operator.add) (Kind.Term.num a.orig a.num) (Kind.Term.num b.orig b.num)) = (Kind.Term.num 0 (* a.num b.num))
(Kind.Term.eval_op orig (Kind.Operator.sub) (Kind.Term.num a.orig a.num) (Kind.Term.num b.orig b.num)) = (Kind.Term.num 0 (- a.num b.num))
(Kind.Term.eval_op orig (Kind.Operator.mul) (Kind.Term.num a.orig a.num) (Kind.Term.num b.orig b.num)) = (Kind.Term.num 0 (* a.num b.num))
(Kind.Term.eval_op orig (Kind.Operator.div) (Kind.Term.num a.orig a.num) (Kind.Term.num b.orig b.num)) = (Kind.Term.num 0 (/ a.num b.num))
(Kind.Term.eval_op orig (Kind.Operator.mod) (Kind.Term.num a.orig a.num) (Kind.Term.num b.orig b.num)) = (Kind.Term.num 0 (% a.num b.num))
(Kind.Term.eval_op orig (Kind.Operator.and) (Kind.Term.num a.orig a.num) (Kind.Term.num b.orig b.num)) = (Kind.Term.num 0 (& a.num b.num))
(Kind.Term.eval_op orig (Kind.Operator.or) (Kind.Term.num a.orig a.num) (Kind.Term.num b.orig b.num)) = (Kind.Term.num 0 (| a.num b.num))
(Kind.Term.eval_op orig (Kind.Operator.xor) (Kind.Term.num a.orig a.num) (Kind.Term.num b.orig b.num)) = (Kind.Term.num 0 (^ a.num b.num))
(Kind.Term.eval_op orig (Kind.Operator.shl) (Kind.Term.num a.orig a.num) (Kind.Term.num b.orig b.num)) = (Kind.Term.num 0 (<< a.num b.num))
(Kind.Term.eval_op orig (Kind.Operator.shr) (Kind.Term.num a.orig a.num) (Kind.Term.num b.orig b.num)) = (Kind.Term.num 0 (>> a.num b.num))
(Kind.Term.eval_op orig (Kind.Operator.ltn) (Kind.Term.num a.orig a.num) (Kind.Term.num b.orig b.num)) = (Kind.Term.num 0 (< a.num b.num))
(Kind.Term.eval_op orig (Kind.Operator.lte) (Kind.Term.num a.orig a.num) (Kind.Term.num b.orig b.num)) = (Kind.Term.num 0 (<= a.num b.num))
(Kind.Term.eval_op orig (Kind.Operator.eql) (Kind.Term.num a.orig a.num) (Kind.Term.num b.orig b.num)) = (Kind.Term.num 0 (== a.num b.num))
(Kind.Term.eval_op orig (Kind.Operator.gte) (Kind.Term.num a.orig a.num) (Kind.Term.num b.orig b.num)) = (Kind.Term.num 0 (>= a.num b.num))
(Kind.Term.eval_op orig (Kind.Operator.gtn) (Kind.Term.num a.orig a.num) (Kind.Term.num b.orig b.num)) = (Kind.Term.num 0 (> a.num b.num))
(Kind.Term.eval_op orig (Kind.Operator.neq) (Kind.Term.num a.orig a.num) (Kind.Term.num b.orig b.num)) = (Kind.Term.num 0 (!= a.num b.num))
(Kind.Term.eval_op orig op left right) = (Kind.Term.op2 orig op left right)

