// Jonathan.Joestar #JOJO : U60
fun (JOJO) {
  (JOJO) = #42
}

