// Arity3 #Arity3 -(e: U60) -(f: U60) -(g: Type) -(h: Type) -(i: Type) (d: U60) : U60
fun (Arity3 d) {
  (Arity3 d) = d
}

// ArityB #ArityB -(e: U60) -(g: Type) (d: U60) -(f: U60) -(h: Type) -(h: U60) -(i: Type) : U60
fun (ArityB d) {
  (ArityB d) = d
}

run {
  let ~ = (+ (+ (Arity3 #3) (Arity3 #6)) #5); let b = (+ (+ (ArityB #2) (ArityB #3)) #5); b
}

