Namespace for "Algebra.Group.concat" has more than 11 characters.