[4mInspection.[0m
- Goal: U60
[4mOn '{{#F0F#}}':[0m
{{#R0:20:21R#}}

